// Jest Snapshot v1, https://goo.gl/fbAQLP

exports[`renders homepage unchanged 1`] = `
<div>
  <div>
    <main>
      <h1
        class="title"
      >
        Roman Numerals Converter
      </h1>
      <p
        class="description"
      >
        Convert numbers to Roman numerals. Use this Roman numeral converter to convert numbers from 1 to 1,000 into Roman numerals.
        <br />
        Roman numerals are a number system developed in ancient Rome where letters represent numbers. The modern use of Roman numerals involves the letters I, V, X, L, C, D, and M.
      </p>
      <form
        class="form"
      >
        <fieldset>
          <legend>
            Number to Roman Numerals
          </legend>
          <label
            class="inputLabel "
            data-testid="integer_label"
            for="integer"
          >
            Number
          </label>
          <input
            class="input "
            data-testid="integer"
            id="integer"
            max="1000"
            min="1"
            name="integer"
            placeholder="number"
            type="number"
            value="1"
          />
          <p
            class="output"
          >
            1 = I
          </p>
        </fieldset>
      </form>
    </main>
  </div>
</div>
`;
